../Core/Src/ili9341_stm32_driver.c:12:6:HAL_SPI_TxCpltCallback	16	static
../Core/Src/ili9341_stm32_driver.c:21:13:ILI9341_SPI_Tx	16	static
../Core/Src/ili9341_stm32_driver.c:29:13:ILI9341_SPI_TxBuffer	16	static
../Core/Src/ili9341_stm32_driver.c:37:6:ILI9341_WriteCommand	16	static
../Core/Src/ili9341_stm32_driver.c:45:6:ILI9341_WriteData	16	static
../Core/Src/ili9341_stm32_driver.c:53:6:ILI9341_WriteBuffer	16	static
../Core/Src/ili9341_stm32_driver.c:61:6:ILI9341_SetAddress	32	static
../Core/Src/ili9341_stm32_driver.c:83:6:ILI9341_Reset	8	static
../Core/Src/ili9341_stm32_driver.c:93:6:ILI9341_Enable	8	static
../Core/Src/ili9341_stm32_driver.c:98:6:ILI9341_Init	8	static
../Core/Src/ili9341_stm32_driver.c:234:6:ILI9341_SetRotation	16	static
../Core/Src/ili9341_stm32_driver.c:266:6:ILI9341_DrawColor	24	static
../Core/Src/ili9341_stm32_driver.c:272:6:ILI9341_DrawColorBurst	80	dynamic
../Core/Src/ili9341_stm32_driver.c:313:6:ILI9341_FillScreen	16	static
../Core/Src/ili9341_stm32_driver.c:319:6:ILI9341_DrawPixel	32	static
../Core/Src/ili9341_stm32_driver.c:337:6:ILI9341_DrawRectangle	24	static
../Core/Src/ili9341_stm32_driver.c:355:6:ILI9341_DrawHLine	24	static
../Core/Src/ili9341_stm32_driver.c:368:6:ILI9341_DrawVLine	24	static
../Core/Src/ili9341_stm32_driver.c:382:6:drawFastHLine	24	static
../Core/Src/ili9341_stm32_driver.c:387:6:drawFastVLine	24	static
../Core/Src/ili9341_stm32_driver.c:392:6:drawEllipseHelper	48	static
../Core/Src/ili9341_stm32_driver.c:471:6:writeFillRectPreclipped	32	static
../Core/Src/ili9341_stm32_driver.c:481:6:writeFillRect	40	static
../Core/Src/ili9341_stm32_driver.c:533:6:writeFastHLine	32	static
../Core/Src/ili9341_stm32_driver.c:542:6:writeFastVLine	32	static
../Core/Src/ili9341_stm32_driver.c:552:6:fillEllipseHelper	64	static
